[    8166ms] Error: Minified React error #418; visit https://reactjs.org/docs/error-decoder.html?invariant=418 for the full message or use the non-minified dev environment for full errors and additional helpful warnings.
    at oa (https://img6.wsimg.com/ux-assets/react/18/react-dom.umd.js:10:48168)
    at Oo (https://img6.wsimg.com/ux-assets/react/18/react-dom.umd.js:10:78126)
    at Si (https://img6.wsimg.com/ux-assets/react/18/react-dom.umd.js:10:121135)
    at ys (https://img6.wsimg.com/ux-assets/react/18/react-dom.umd.js:10:108510)
    at gs (https://img6.wsimg.com/ux-assets/react/18/react-dom.umd.js:10:108438)
    at hs (https://img6.wsimg.com/ux-assets/react/18/react-dom.umd.js:10:108301)
    at rs (https://img6.wsimg.com/ux-assets/react/18/react-dom.umd.js:10:103466)
    at w (https://img6.wsimg.com/ux-assets/react/18/react-dom.umd.js:1:1856)
    at MessagePort.P (https://img6.wsimg.com/ux-assets/react/18/react-dom.umd.js:1:2388)
[    8168ms] Error: Minified React error #423; visit https://reactjs.org/docs/error-decoder.html?invariant=423 for the full message or use the non-minified dev environment for full errors and additional helpful warnings.
    at Si (https://img6.wsimg.com/ux-assets/react/18/react-dom.umd.js:10:120618)
    at ys (https://img6.wsimg.com/ux-assets/react/18/react-dom.umd.js:10:108510)
    at gs (https://img6.wsimg.com/ux-assets/react/18/react-dom.umd.js:10:108438)
    at hs (https://img6.wsimg.com/ux-assets/react/18/react-dom.umd.js:10:108301)
    at ls (https://img6.wsimg.com/ux-assets/react/18/react-dom.umd.js:10:105136)
    at rs (https://img6.wsimg.com/ux-assets/react/18/react-dom.umd.js:10:103692)
    at w (https://img6.wsimg.com/ux-assets/react/18/react-dom.umd.js:1:1856)
    at MessagePort.P (https://img6.wsimg.com/ux-assets/react/18/react-dom.umd.js:1:2388)
[   11173ms] Error: Minified React error #418; visit https://reactjs.org/docs/error-decoder.html?invariant=418 for the full message or use the non-minified dev environment for full errors and additional helpful warnings.
    at oa (https://img6.wsimg.com/ux-assets/react/18/react-dom.umd.js:10:48288)
    at Si (https://img6.wsimg.com/ux-assets/react/18/react-dom.umd.js:10:120932)
    at ys (https://img6.wsimg.com/ux-assets/react/18/react-dom.umd.js:10:108510)
    at gs (https://img6.wsimg.com/ux-assets/react/18/react-dom.umd.js:10:108438)
    at hs (https://img6.wsimg.com/ux-assets/react/18/react-dom.umd.js:10:108301)
    at rs (https://img6.wsimg.com/ux-assets/react/18/react-dom.umd.js:10:103466)
    at w (https://img6.wsimg.com/ux-assets/react/18/react-dom.umd.js:1:1856)
    at MessagePort.P (https://img6.wsimg.com/ux-assets/react/18/react-dom.umd.js:1:2388)
[   11174ms] Error: Minified React error #418; visit https://reactjs.org/docs/error-decoder.html?invariant=418 for the full message or use the non-minified dev environment for full errors and additional helpful warnings.
    at oa (https://img6.wsimg.com/ux-assets/react/18/react-dom.umd.js:10:48168)
    at Si (https://img6.wsimg.com/ux-assets/react/18/react-dom.umd.js:10:120932)
    at ys (https://img6.wsimg.com/ux-assets/react/18/react-dom.umd.js:10:108510)
    at gs (https://img6.wsimg.com/ux-assets/react/18/react-dom.umd.js:10:108438)
    at hs (https://img6.wsimg.com/ux-assets/react/18/react-dom.umd.js:10:108301)
    at rs (https://img6.wsimg.com/ux-assets/react/18/react-dom.umd.js:10:103466)
    at w (https://img6.wsimg.com/ux-assets/react/18/react-dom.umd.js:1:1856)
    at MessagePort.P (https://img6.wsimg.com/ux-assets/react/18/react-dom.umd.js:1:2388)
[   11174ms] Error: Minified React error #418; visit https://reactjs.org/docs/error-decoder.html?invariant=418 for the full message or use the non-minified dev environment for full errors and additional helpful warnings.
    at oa (https://img6.wsimg.com/ux-assets/react/18/react-dom.umd.js:10:48168)
    at Si (https://img6.wsimg.com/ux-assets/react/18/react-dom.umd.js:10:120932)
    at ys (https://img6.wsimg.com/ux-assets/react/18/react-dom.umd.js:10:108510)
    at gs (https://img6.wsimg.com/ux-assets/react/18/react-dom.umd.js:10:108438)
    at hs (https://img6.wsimg.com/ux-assets/react/18/react-dom.umd.js:10:108301)
    at rs (https://img6.wsimg.com/ux-assets/react/18/react-dom.umd.js:10:103466)
    at w (https://img6.wsimg.com/ux-assets/react/18/react-dom.umd.js:1:1856)
    at MessagePort.P (https://img6.wsimg.com/ux-assets/react/18/react-dom.umd.js:1:2388)
[   11174ms] Error: Minified React error #418; visit https://reactjs.org/docs/error-decoder.html?invariant=418 for the full message or use the non-minified dev environment for full errors and additional helpful warnings.
    at oa (https://img6.wsimg.com/ux-assets/react/18/react-dom.umd.js:10:48168)
    at Si (https://img6.wsimg.com/ux-assets/react/18/react-dom.umd.js:10:120932)
    at ys (https://img6.wsimg.com/ux-assets/react/18/react-dom.umd.js:10:108510)
    at gs (https://img6.wsimg.com/ux-assets/react/18/react-dom.umd.js:10:108438)
    at hs (https://img6.wsimg.com/ux-assets/react/18/react-dom.umd.js:10:108301)
    at rs (https://img6.wsimg.com/ux-assets/react/18/react-dom.umd.js:10:103466)
    at w (https://img6.wsimg.com/ux-assets/react/18/react-dom.umd.js:1:1856)
    at MessagePort.P (https://img6.wsimg.com/ux-assets/react/18/react-dom.umd.js:1:2388)
[   11175ms] Error: Minified React error #418; visit https://reactjs.org/docs/error-decoder.html?invariant=418 for the full message or use the non-minified dev environment for full errors and additional helpful warnings.
    at oa (https://img6.wsimg.com/ux-assets/react/18/react-dom.umd.js:10:48168)
    at Si (https://img6.wsimg.com/ux-assets/react/18/react-dom.umd.js:10:120932)
    at ys (https://img6.wsimg.com/ux-assets/react/18/react-dom.umd.js:10:108510)
    at gs (https://img6.wsimg.com/ux-assets/react/18/react-dom.umd.js:10:108438)
    at hs (https://img6.wsimg.com/ux-assets/react/18/react-dom.umd.js:10:108301)
    at rs (https://img6.wsimg.com/ux-assets/react/18/react-dom.umd.js:10:103466)
    at w (https://img6.wsimg.com/ux-assets/react/18/react-dom.umd.js:1:1856)
    at MessagePort.P (https://img6.wsimg.com/ux-assets/react/18/react-dom.umd.js:1:2388)
[   11175ms] Error: Minified React error #418; visit https://reactjs.org/docs/error-decoder.html?invariant=418 for the full message or use the non-minified dev environment for full errors and additional helpful warnings.
    at oa (https://img6.wsimg.com/ux-assets/react/18/react-dom.umd.js:10:48168)
    at Si (https://img6.wsimg.com/ux-assets/react/18/react-dom.umd.js:10:120932)
    at ys (https://img6.wsimg.com/ux-assets/react/18/react-dom.umd.js:10:108510)
    at gs (https://img6.wsimg.com/ux-assets/react/18/react-dom.umd.js:10:108438)
    at hs (https://img6.wsimg.com/ux-assets/react/18/react-dom.umd.js:10:108301)
    at rs (https://img6.wsimg.com/ux-assets/react/18/react-dom.umd.js:10:103466)
    at w (https://img6.wsimg.com/ux-assets/react/18/react-dom.umd.js:1:1856)
    at MessagePort.P (https://img6.wsimg.com/ux-assets/react/18/react-dom.umd.js:1:2388)
[   11175ms] Error: Minified React error #418; visit https://reactjs.org/docs/error-decoder.html?invariant=418 for the full message or use the non-minified dev environment for full errors and additional helpful warnings.
    at oa (https://img6.wsimg.com/ux-assets/react/18/react-dom.umd.js:10:48168)
    at Si (https://img6.wsimg.com/ux-assets/react/18/react-dom.umd.js:10:120932)
    at ys (https://img6.wsimg.com/ux-assets/react/18/react-dom.umd.js:10:108510)
    at gs (https://img6.wsimg.com/ux-assets/react/18/react-dom.umd.js:10:108438)
    at hs (https://img6.wsimg.com/ux-assets/react/18/react-dom.umd.js:10:108301)
    at rs (https://img6.wsimg.com/ux-assets/react/18/react-dom.umd.js:10:103466)
    at w (https://img6.wsimg.com/ux-assets/react/18/react-dom.umd.js:1:1856)
    at MessagePort.P (https://img6.wsimg.com/ux-assets/react/18/react-dom.umd.js:1:2388)
[   11175ms] Error: Minified React error #418; visit https://reactjs.org/docs/error-decoder.html?invariant=418 for the full message or use the non-minified dev environment for full errors and additional helpful warnings.
    at oa (https://img6.wsimg.com/ux-assets/react/18/react-dom.umd.js:10:48168)
    at Si (https://img6.wsimg.com/ux-assets/react/18/react-dom.umd.js:10:120932)
    at ys (https://img6.wsimg.com/ux-assets/react/18/react-dom.umd.js:10:108510)
    at gs (https://img6.wsimg.com/ux-assets/react/18/react-dom.umd.js:10:108438)
    at hs (https://img6.wsimg.com/ux-assets/react/18/react-dom.umd.js:10:108301)
    at rs (https://img6.wsimg.com/ux-assets/react/18/react-dom.umd.js:10:103466)
    at w (https://img6.wsimg.com/ux-assets/react/18/react-dom.umd.js:1:1856)
    at MessagePort.P (https://img6.wsimg.com/ux-assets/react/18/react-dom.umd.js:1:2388)
[   11175ms] Error: Minified React error #418; visit https://reactjs.org/docs/error-decoder.html?invariant=418 for the full message or use the non-minified dev environment for full errors and additional helpful warnings.
    at oa (https://img6.wsimg.com/ux-assets/react/18/react-dom.umd.js:10:48168)
    at Si (https://img6.wsimg.com/ux-assets/react/18/react-dom.umd.js:10:120932)
    at ys (https://img6.wsimg.com/ux-assets/react/18/react-dom.umd.js:10:108510)
    at gs (https://img6.wsimg.com/ux-assets/react/18/react-dom.umd.js:10:108438)
    at hs (https://img6.wsimg.com/ux-assets/react/18/react-dom.umd.js:10:108301)
    at rs (https://img6.wsimg.com/ux-assets/react/18/react-dom.umd.js:10:103466)
    at w (https://img6.wsimg.com/ux-assets/react/18/react-dom.umd.js:1:1856)
    at MessagePort.P (https://img6.wsimg.com/ux-assets/react/18/react-dom.umd.js:1:2388)
[   11177ms] Error: Minified React error #418; visit https://reactjs.org/docs/error-decoder.html?invariant=418 for the full message or use the non-minified dev environment for full errors and additional helpful warnings.
    at oa (https://img6.wsimg.com/ux-assets/react/18/react-dom.umd.js:10:48168)
    at Si (https://img6.wsimg.com/ux-assets/react/18/react-dom.umd.js:10:120932)
    at ys (https://img6.wsimg.com/ux-assets/react/18/react-dom.umd.js:10:108510)
    at gs (https://img6.wsimg.com/ux-assets/react/18/react-dom.umd.js:10:108438)
    at hs (https://img6.wsimg.com/ux-assets/react/18/react-dom.umd.js:10:108301)
    at rs (https://img6.wsimg.com/ux-assets/react/18/react-dom.umd.js:10:103466)
    at w (https://img6.wsimg.com/ux-assets/react/18/react-dom.umd.js:1:1856)
    at MessagePort.P (https://img6.wsimg.com/ux-assets/react/18/react-dom.umd.js:1:2388)
[   11177ms] Error: Minified React error #418; visit https://reactjs.org/docs/error-decoder.html?invariant=418 for the full message or use the non-minified dev environment for full errors and additional helpful warnings.
    at oa (https://img6.wsimg.com/ux-assets/react/18/react-dom.umd.js:10:48168)
    at Si (https://img6.wsimg.com/ux-assets/react/18/react-dom.umd.js:10:120932)
    at ys (https://img6.wsimg.com/ux-assets/react/18/react-dom.umd.js:10:108510)
    at gs (https://img6.wsimg.com/ux-assets/react/18/react-dom.umd.js:10:108438)
    at hs (https://img6.wsimg.com/ux-assets/react/18/react-dom.umd.js:10:108301)
    at rs (https://img6.wsimg.com/ux-assets/react/18/react-dom.umd.js:10:103466)
    at w (https://img6.wsimg.com/ux-assets/react/18/react-dom.umd.js:1:1856)
    at MessagePort.P (https://img6.wsimg.com/ux-assets/react/18/react-dom.umd.js:1:2388)
[   11178ms] Error: Minified React error #418; visit https://reactjs.org/docs/error-decoder.html?invariant=418 for the full message or use the non-minified dev environment for full errors and additional helpful warnings.
    at oa (https://img6.wsimg.com/ux-assets/react/18/react-dom.umd.js:10:48168)
    at Si (https://img6.wsimg.com/ux-assets/react/18/react-dom.umd.js:10:120932)
    at ys (https://img6.wsimg.com/ux-assets/react/18/react-dom.umd.js:10:108510)
    at gs (https://img6.wsimg.com/ux-assets/react/18/react-dom.umd.js:10:108438)
    at hs (https://img6.wsimg.com/ux-assets/react/18/react-dom.umd.js:10:108301)
    at rs (https://img6.wsimg.com/ux-assets/react/18/react-dom.umd.js:10:103466)
    at w (https://img6.wsimg.com/ux-assets/react/18/react-dom.umd.js:1:1856)
    at MessagePort.P (https://img6.wsimg.com/ux-assets/react/18/react-dom.umd.js:1:2388)
[   11178ms] Error: Minified React error #418; visit https://reactjs.org/docs/error-decoder.html?invariant=418 for the full message or use the non-minified dev environment for full errors and additional helpful warnings.
    at oa (https://img6.wsimg.com/ux-assets/react/18/react-dom.umd.js:10:48168)
    at Si (https://img6.wsimg.com/ux-assets/react/18/react-dom.umd.js:10:120932)
    at ys (https://img6.wsimg.com/ux-assets/react/18/react-dom.umd.js:10:108510)
    at gs (https://img6.wsimg.com/ux-assets/react/18/react-dom.umd.js:10:108438)
    at hs (https://img6.wsimg.com/ux-assets/react/18/react-dom.umd.js:10:108301)
    at rs (https://img6.wsimg.com/ux-assets/react/18/react-dom.umd.js:10:103466)
    at w (https://img6.wsimg.com/ux-assets/react/18/react-dom.umd.js:1:1856)
    at MessagePort.P (https://img6.wsimg.com/ux-assets/react/18/react-dom.umd.js:1:2388)
[   11178ms] Error: Minified React error #418; visit https://reactjs.org/docs/error-decoder.html?invariant=418 for the full message or use the non-minified dev environment for full errors and additional helpful warnings.
    at oa (https://img6.wsimg.com/ux-assets/react/18/react-dom.umd.js:10:48168)
    at Si (https://img6.wsimg.com/ux-assets/react/18/react-dom.umd.js:10:120932)
    at ys (https://img6.wsimg.com/ux-assets/react/18/react-dom.umd.js:10:108510)
    at gs (https://img6.wsimg.com/ux-assets/react/18/react-dom.umd.js:10:108438)
    at hs (https://img6.wsimg.com/ux-assets/react/18/react-dom.umd.js:10:108301)
    at rs (https://img6.wsimg.com/ux-assets/react/18/react-dom.umd.js:10:103466)
    at w (https://img6.wsimg.com/ux-assets/react/18/react-dom.umd.js:1:1856)
    at MessagePort.P (https://img6.wsimg.com/ux-assets/react/18/react-dom.umd.js:1:2388)
[   11178ms] Error: Minified React error #423; visit https://reactjs.org/docs/error-decoder.html?invariant=423 for the full message or use the non-minified dev environment for full errors and additional helpful warnings.
    at Si (https://img6.wsimg.com/ux-assets/react/18/react-dom.umd.js:10:120618)
    at ys (https://img6.wsimg.com/ux-assets/react/18/react-dom.umd.js:10:108510)
    at gs (https://img6.wsimg.com/ux-assets/react/18/react-dom.umd.js:10:108438)
    at hs (https://img6.wsimg.com/ux-assets/react/18/react-dom.umd.js:10:108301)
    at ls (https://img6.wsimg.com/ux-assets/react/18/react-dom.umd.js:10:105136)
    at rs (https://img6.wsimg.com/ux-assets/react/18/react-dom.umd.js:10:103692)
    at w (https://img6.wsimg.com/ux-assets/react/18/react-dom.umd.js:1:1856)
    at MessagePort.P (https://img6.wsimg.com/ux-assets/react/18/react-dom.umd.js:1:2388)
[   13522ms] [ERROR] Failed to load resource: net::ERR_NAME_NOT_RESOLVED @ https://cdn.krxd.net/controltag/ux5po03gz.js:0
[   21567ms] [WARNING] A preload for 'https://img6.wsimg.com/wrhs-next/b2dd9c12bf74cadb430123cb79d73457/storefront-header.js' is found, but is not used because the request credentials mode does not match. Consider taking a look at crossorigin attribute. @ https://www.godaddy.com/en-in/domainsearch/find?isc=GOINDIA&domainToCheck=instadownload&tmskey=in_viral_offer:0
[   22767ms] Error: Minified React error #421; visit https://reactjs.org/docs/error-decoder.html?invariant=421 for the full message or use the non-minified dev environment for full errors and additional helpful warnings.
    at https://img6.wsimg.com/ux-assets/react/18/react-dom.umd.js:10:79628
    at Oo (https://img6.wsimg.com/ux-assets/react/18/react-dom.umd.js:10:79902)
    at Si (https://img6.wsimg.com/ux-assets/react/18/react-dom.umd.js:10:121135)
    at ys (https://img6.wsimg.com/ux-assets/react/18/react-dom.umd.js:10:108510)
    at gs (https://img6.wsimg.com/ux-assets/react/18/react-dom.umd.js:10:108438)
    at hs (https://img6.wsimg.com/ux-assets/react/18/react-dom.umd.js:10:108301)
    at rs (https://img6.wsimg.com/ux-assets/react/18/react-dom.umd.js:10:103466)
    at w (https://img6.wsimg.com/ux-assets/react/18/react-dom.umd.js:1:1856)
    at MessagePort.P (https://img6.wsimg.com/ux-assets/react/18/react-dom.umd.js:1:2388)
[   23460ms] [WARNING] WebSocket connection to 'wss://entourage.prod.aws.godaddy.com/domain-complete/ws' failed: WebSocket is closed before the connection is established. @ https://img6.wsimg.com/serp-assets/static/serp-assets/4e1a7eb/client-search-page.min.js:0
[   26972ms] [WARNING] The resource https://img6.wsimg.com/serpimg/img/solutionsimg/serp_animation_loader.gif was preloaded using link preload but not used within a few seconds from the window's load event. Please make sure it has an appropriate `as` value and it is preloaded intentionally. @ https://www.godaddy.com/en-in/domainsearch/find?isc=GOINDIA&domainToCheck=instadownload&tmskey=in_viral_offer:0
[   26972ms] [WARNING] The resource https://img6.wsimg.com/wrhs-next/b2dd9c12bf74cadb430123cb79d73457/storefront-header.js was preloaded using link preload but not used within a few seconds from the window's load event. Please make sure it has an appropriate `as` value and it is preloaded intentionally. @ https://www.godaddy.com/en-in/domainsearch/find?isc=GOINDIA&domainToCheck=instadownload&tmskey=in_viral_offer:0
[   52294ms] [WARNING] The resource https://img6.wsimg.com/serpimg/img/solutionsimg/serp_animation_loader.gif was preloaded using link preload but not used within a few seconds from the window's load event. Please make sure it has an appropriate `as` value and it is preloaded intentionally. @ https://www.godaddy.com/en-in/domainsearch/find?isc=GOINDIA&domainToCheck=instantdownload&tmskey=in_viral_offer:0
[   52294ms] [WARNING] The resource https://img6.wsimg.com/wrhs-next/b2dd9c12bf74cadb430123cb79d73457/storefront-header.js was preloaded using link preload but not used within a few seconds from the window's load event. Please make sure it has an appropriate `as` value and it is preloaded intentionally. @ https://www.godaddy.com/en-in/domainsearch/find?isc=GOINDIA&domainToCheck=instantdownload&tmskey=in_viral_offer:0
[   57241ms] [WARNING] The resource https://img6.wsimg.com/serpimg/img/solutionsimg/serp_animation_loader.gif was preloaded using link preload but not used within a few seconds from the window's load event. Please make sure it has an appropriate `as` value and it is preloaded intentionally. @ https://www.godaddy.com/en-in/domainsearch/find?isc=GOINDIA&domainToCheck=instantdownload&tmskey=in_viral_offer:0
[   57241ms] [WARNING] The resource https://img6.wsimg.com/wrhs-next/b2dd9c12bf74cadb430123cb79d73457/storefront-header.js was preloaded using link preload but not used within a few seconds from the window's load event. Please make sure it has an appropriate `as` value and it is preloaded intentionally. @ https://www.godaddy.com/en-in/domainsearch/find?isc=GOINDIA&domainToCheck=instantdownload&tmskey=in_viral_offer:0
[   62246ms] [WARNING] The resource https://img6.wsimg.com/serpimg/img/solutionsimg/serp_animation_loader.gif was preloaded using link preload but not used within a few seconds from the window's load event. Please make sure it has an appropriate `as` value and it is preloaded intentionally. @ https://www.godaddy.com/en-in/domainsearch/find?isc=GOINDIA&domainToCheck=instantdownload&tmskey=in_viral_offer:0
[   62246ms] [WARNING] The resource https://img6.wsimg.com/wrhs-next/b2dd9c12bf74cadb430123cb79d73457/storefront-header.js was preloaded using link preload but not used within a few seconds from the window's load event. Please make sure it has an appropriate `as` value and it is preloaded intentionally. @ https://www.godaddy.com/en-in/domainsearch/find?isc=GOINDIA&domainToCheck=instantdownload&tmskey=in_viral_offer:0
[   72269ms] [WARNING] The resource https://img6.wsimg.com/serpimg/img/solutionsimg/serp_animation_loader.gif was preloaded using link preload but not used within a few seconds from the window's load event. Please make sure it has an appropriate `as` value and it is preloaded intentionally. @ https://www.godaddy.com/en-in/domainsearch/find?isc=GOINDIA&domainToCheck=instantdownload&tmskey=in_viral_offer:0
[   72269ms] [WARNING] The resource https://img6.wsimg.com/wrhs-next/b2dd9c12bf74cadb430123cb79d73457/storefront-header.js was preloaded using link preload but not used within a few seconds from the window's load event. Please make sure it has an appropriate `as` value and it is preloaded intentionally. @ https://www.godaddy.com/en-in/domainsearch/find?isc=GOINDIA&domainToCheck=instantdownload&tmskey=in_viral_offer:0
[   77260ms] [WARNING] The resource https://img6.wsimg.com/serpimg/img/solutionsimg/serp_animation_loader.gif was preloaded using link preload but not used within a few seconds from the window's load event. Please make sure it has an appropriate `as` value and it is preloaded intentionally. @ https://www.godaddy.com/en-in/domainsearch/find?isc=GOINDIA&domainToCheck=instantdownload&tmskey=in_viral_offer:0
[   77260ms] [WARNING] The resource https://img6.wsimg.com/wrhs-next/b2dd9c12bf74cadb430123cb79d73457/storefront-header.js was preloaded using link preload but not used within a few seconds from the window's load event. Please make sure it has an appropriate `as` value and it is preloaded intentionally. @ https://www.godaddy.com/en-in/domainsearch/find?isc=GOINDIA&domainToCheck=instantdownload&tmskey=in_viral_offer:0
[   82261ms] [WARNING] The resource https://img6.wsimg.com/serpimg/img/solutionsimg/serp_animation_loader.gif was preloaded using link preload but not used within a few seconds from the window's load event. Please make sure it has an appropriate `as` value and it is preloaded intentionally. @ https://www.godaddy.com/en-in/domainsearch/find?isc=GOINDIA&domainToCheck=instantdownload&tmskey=in_viral_offer:0
[   82261ms] [WARNING] The resource https://img6.wsimg.com/wrhs-next/b2dd9c12bf74cadb430123cb79d73457/storefront-header.js was preloaded using link preload but not used within a few seconds from the window's load event. Please make sure it has an appropriate `as` value and it is preloaded intentionally. @ https://www.godaddy.com/en-in/domainsearch/find?isc=GOINDIA&domainToCheck=instantdownload&tmskey=in_viral_offer:0
[   87811ms] [WARNING] The resource https://img6.wsimg.com/serpimg/img/solutionsimg/serp_animation_loader.gif was preloaded using link preload but not used within a few seconds from the window's load event. Please make sure it has an appropriate `as` value and it is preloaded intentionally. @ https://www.godaddy.com/en-in/domainsearch/find?isc=GOINDIA&domainToCheck=instantdownload&tmskey=in_viral_offer:0
[   87811ms] [WARNING] The resource https://img6.wsimg.com/wrhs-next/b2dd9c12bf74cadb430123cb79d73457/storefront-header.js was preloaded using link preload but not used within a few seconds from the window's load event. Please make sure it has an appropriate `as` value and it is preloaded intentionally. @ https://www.godaddy.com/en-in/domainsearch/find?isc=GOINDIA&domainToCheck=instantdownload&tmskey=in_viral_offer:0
[   92248ms] [WARNING] The resource https://img6.wsimg.com/serpimg/img/solutionsimg/serp_animation_loader.gif was preloaded using link preload but not used within a few seconds from the window's load event. Please make sure it has an appropriate `as` value and it is preloaded intentionally. @ https://www.godaddy.com/en-in/domainsearch/find?isc=GOINDIA&domainToCheck=instantdownload&tmskey=in_viral_offer:0
[   92248ms] [WARNING] The resource https://img6.wsimg.com/wrhs-next/b2dd9c12bf74cadb430123cb79d73457/storefront-header.js was preloaded using link preload but not used within a few seconds from the window's load event. Please make sure it has an appropriate `as` value and it is preloaded intentionally. @ https://www.godaddy.com/en-in/domainsearch/find?isc=GOINDIA&domainToCheck=instantdownload&tmskey=in_viral_offer:0
[   97251ms] [WARNING] The resource https://img6.wsimg.com/serpimg/img/solutionsimg/serp_animation_loader.gif was preloaded using link preload but not used within a few seconds from the window's load event. Please make sure it has an appropriate `as` value and it is preloaded intentionally. @ https://www.godaddy.com/en-in/domainsearch/find?isc=GOINDIA&domainToCheck=instantdownload&tmskey=in_viral_offer:0
[   97251ms] [WARNING] The resource https://img6.wsimg.com/wrhs-next/b2dd9c12bf74cadb430123cb79d73457/storefront-header.js was preloaded using link preload but not used within a few seconds from the window's load event. Please make sure it has an appropriate `as` value and it is preloaded intentionally. @ https://www.godaddy.com/en-in/domainsearch/find?isc=GOINDIA&domainToCheck=instantdownload&tmskey=in_viral_offer:0
[  102261ms] [WARNING] The resource https://img6.wsimg.com/serpimg/img/solutionsimg/serp_animation_loader.gif was preloaded using link preload but not used within a few seconds from the window's load event. Please make sure it has an appropriate `as` value and it is preloaded intentionally. @ https://www.godaddy.com/en-in/domainsearch/find?isc=GOINDIA&domainToCheck=instantdownload&tmskey=in_viral_offer:0
[  102261ms] [WARNING] The resource https://img6.wsimg.com/wrhs-next/b2dd9c12bf74cadb430123cb79d73457/storefront-header.js was preloaded using link preload but not used within a few seconds from the window's load event. Please make sure it has an appropriate `as` value and it is preloaded intentionally. @ https://www.godaddy.com/en-in/domainsearch/find?isc=GOINDIA&domainToCheck=instantdownload&tmskey=in_viral_offer:0
[  107267ms] [WARNING] The resource https://img6.wsimg.com/serpimg/img/solutionsimg/serp_animation_loader.gif was preloaded using link preload but not used within a few seconds from the window's load event. Please make sure it has an appropriate `as` value and it is preloaded intentionally. @ https://www.godaddy.com/en-in/domainsearch/find?isc=GOINDIA&domainToCheck=instantdownload&tmskey=in_viral_offer:0
[  107267ms] [WARNING] The resource https://img6.wsimg.com/wrhs-next/b2dd9c12bf74cadb430123cb79d73457/storefront-header.js was preloaded using link preload but not used within a few seconds from the window's load event. Please make sure it has an appropriate `as` value and it is preloaded intentionally. @ https://www.godaddy.com/en-in/domainsearch/find?isc=GOINDIA&domainToCheck=instantdownload&tmskey=in_viral_offer:0
[  112338ms] [WARNING] The resource https://img6.wsimg.com/serpimg/img/solutionsimg/serp_animation_loader.gif was preloaded using link preload but not used within a few seconds from the window's load event. Please make sure it has an appropriate `as` value and it is preloaded intentionally. @ https://www.godaddy.com/en-in/domainsearch/find?isc=GOINDIA&domainToCheck=instantdownload&tmskey=in_viral_offer:0
[  112338ms] [WARNING] The resource https://img6.wsimg.com/wrhs-next/b2dd9c12bf74cadb430123cb79d73457/storefront-header.js was preloaded using link preload but not used within a few seconds from the window's load event. Please make sure it has an appropriate `as` value and it is preloaded intentionally. @ https://www.godaddy.com/en-in/domainsearch/find?isc=GOINDIA&domainToCheck=instantdownload&tmskey=in_viral_offer:0
[  119614ms] [ERROR] Failed to load resource: net::ERR_NAME_NOT_RESOLVED @ https://cdn.krxd.net/controltag/ux5po03gz.js:0
[  119896ms] [ERROR] Error: <rect> attribute height: A negative value is not valid. ("-10") @ https://img6.wsimg.com/ux-assets/react/18/react-dom.umd.js:9
[  119897ms] [ERROR] Error: <rect> attribute height: A negative value is not valid. ("-10") @ https://img6.wsimg.com/ux-assets/react/18/react-dom.umd.js:9
[  119898ms] [ERROR] Error: <rect> attribute height: A negative value is not valid. ("-10") @ https://img6.wsimg.com/ux-assets/react/18/react-dom.umd.js:9
[  119898ms] [ERROR] Error: <rect> attribute height: A negative value is not valid. ("-10") @ https://img6.wsimg.com/ux-assets/react/18/react-dom.umd.js:9
[  120702ms] [WARNING] The resource https://img6.wsimg.com/serpimg/img/solutionsimg/serp_animation_loader.gif was preloaded using link preload but not used within a few seconds from the window's load event. Please make sure it has an appropriate `as` value and it is preloaded intentionally. @ https://www.godaddy.com/en-in/domainsearch/find?isc=GOINDIA&domainToCheck=instantdownload&tmskey=in_viral_offer:0
[  120702ms] [WARNING] The resource https://img6.wsimg.com/wrhs-next/b2dd9c12bf74cadb430123cb79d73457/storefront-header.js was preloaded using link preload but not used within a few seconds from the window's load event. Please make sure it has an appropriate `as` value and it is preloaded intentionally. @ https://www.godaddy.com/en-in/domainsearch/find?isc=GOINDIA&domainToCheck=instantdownload&tmskey=in_viral_offer:0
[  127429ms] [WARNING] The resource https://img6.wsimg.com/serpimg/img/solutionsimg/serp_animation_loader.gif was preloaded using link preload but not used within a few seconds from the window's load event. Please make sure it has an appropriate `as` value and it is preloaded intentionally. @ https://www.godaddy.com/en-in/domainsearch/find?isc=GOINDIA&domainToCheck=instantdownload&tmskey=in_viral_offer:0
[  127429ms] [WARNING] The resource https://img6.wsimg.com/wrhs-next/b2dd9c12bf74cadb430123cb79d73457/storefront-header.js was preloaded using link preload but not used within a few seconds from the window's load event. Please make sure it has an appropriate `as` value and it is preloaded intentionally. @ https://www.godaddy.com/en-in/domainsearch/find?isc=GOINDIA&domainToCheck=instantdownload&tmskey=in_viral_offer:0
[  132262ms] [WARNING] The resource https://img6.wsimg.com/serpimg/img/solutionsimg/serp_animation_loader.gif was preloaded using link preload but not used within a few seconds from the window's load event. Please make sure it has an appropriate `as` value and it is preloaded intentionally. @ https://www.godaddy.com/en-in/domainsearch/find?isc=GOINDIA&domainToCheck=instantdownload&tmskey=in_viral_offer:0
[  132263ms] [WARNING] The resource https://img6.wsimg.com/wrhs-next/b2dd9c12bf74cadb430123cb79d73457/storefront-header.js was preloaded using link preload but not used within a few seconds from the window's load event. Please make sure it has an appropriate `as` value and it is preloaded intentionally. @ https://www.godaddy.com/en-in/domainsearch/find?isc=GOINDIA&domainToCheck=instantdownload&tmskey=in_viral_offer:0
